// Jest Snapshot v1, https://goo.gl/fbAQLP

exports[`Input renders correctly with placeholder 1`] = `
<TextInput
  placeholder="Type here"
  style={
    {
      "borderColor": "#0006",
      "borderRadius": 4,
      "borderWidth": 1,
      "fontSize": 16,
      "height": 40,
      "padding": 10,
      "width": "100%",
    }
  }
/>
`;
